
Memory Configuration

Name             Origin             Length             Attributes
flash            0x0000000008000000 0x0000000000100000 xr
ram              0x0000000020000000 0x0000000000020000 xrw
*default*        0x0000000000000000 0xffffffffffffffff

Linker script and memory map

LOAD src/main.o
LOAD startup/startup_stm32f4.o
                0x0000000008000000                __flash_memory_start__ = ORIGIN (flash)
                0x0000000000100000                __flash_memory_size__ = LENGTH (flash)
                0x0000000020000000                __RAM_START__ = ORIGIN (ram)
                0x0000000000020000                __RAM_SIZE__ = LENGTH (ram)
                0x0000000020020000                __RAM_ENDING__ = (__RAM_START__ + __RAM_SIZE__)
                0x0000000000000000                //_estack = 0x0
                0x0000000020020000                _estack = __RAM_ENDING__
                0x0000000008000000                . = __flash_memory_start__

.isr_vector     0x0000000008000000       0x40
                0x0000000008000000                . = ALIGN (0x4)
 *(.isr_vector)
 .isr_vector    0x0000000008000000       0x40 startup/startup_stm32f4.o
                0x0000000008000000                g_pfnVectors
                0x0000000008000040                . = ALIGN (0x4)

.text           0x0000000008000100      0x16c
                0x0000000008000100                . = ALIGN (0x4)
 *(.text*)
 .text          0x0000000008000100       0x70 src/main.o
                0x000000000800013e                main
 *fill*         0x0000000008000170       0x90 
 .text          0x0000000008000200        0x0 startup/startup_stm32f4.o
 .text.Reset_Handler
                0x0000000008000200       0x44 startup/startup_stm32f4.o
                0x0000000008000200                Reset_Handler
 .text.Default_Exception_Handler
                0x0000000008000244        0x4 startup/startup_stm32f4.o
                0x0000000008000244                HardFault_Handler
                0x0000000008000244                NMI_Handler
                0x0000000008000244                UsageFault_Handler
                0x0000000008000244                MemManage_Handler
                0x0000000008000244                Default_Exception_Handler
                0x0000000008000244                BusFault_Handler
 *(.rodata*)
 .rodata        0x0000000008000248       0x22 src/main.o
                0x000000000800026c                . = ALIGN (0x4)
 *fill*         0x000000000800026a        0x2 
                0x000000000800026c                data_loc = (ADDR (.text) + SIZEOF (.text))

.glue_7         0x000000000800026c        0x0
 .glue_7        0x000000000800026c        0x0 linker stubs

.glue_7t        0x000000000800026c        0x0
 .glue_7t       0x000000000800026c        0x0 linker stubs

.vfp11_veneer   0x000000000800026c        0x0
 .vfp11_veneer  0x000000000800026c        0x0 linker stubs

.v4_bx          0x000000000800026c        0x0
 .v4_bx         0x000000000800026c        0x0 linker stubs

.iplt           0x000000000800026c        0x0
 .iplt          0x000000000800026c        0x0 src/main.o

.rel.dyn        0x000000000800026c        0x0
 .rel.iplt      0x000000000800026c        0x0 src/main.o

.data           0x0000000020000000        0x4 load address 0x000000000800026c
                0x0000000020000000                . = ALIGN (0x4)
                0x0000000020000000                _sdata = .
 *(.data*)
 .data          0x0000000020000000        0x4 src/main.o
                0x0000000020000000                initialized
 .data          0x0000000020000004        0x0 startup/startup_stm32f4.o
                0x0000000020000004                . = ALIGN (0x4)
                0x0000000020000004                _edata = .
                0x000000000800026c                _sidata = LOADADDR (.data)

.igot.plt       0x0000000020000004        0x0 load address 0x0000000008000270
 .igot.plt      0x0000000020000004        0x0 src/main.o

.bss            0x0000000020000004        0x4 load address 0x0000000008000270
                0x0000000020000004                . = ALIGN (0x4)
                0x0000000020000004                _sbss = .
 *(.bss*)
 .bss           0x0000000020000004        0x4 src/main.o
                0x0000000020000004                uninitialized
 .bss           0x0000000020000008        0x0 startup/startup_stm32f4.o
 *(COMMON)
                0x0000000020000008                . = ALIGN (0x4)
                0x0000000020000008                _ebss = .
OUTPUT(firmware.elf elf32-littlearm)
LOAD linker stubs

.debug_info     0x0000000000000000      0x148
 .debug_info    0x0000000000000000      0x126 src/main.o
 .debug_info    0x0000000000000126       0x22 startup/startup_stm32f4.o

.debug_abbrev   0x0000000000000000       0xeb
 .debug_abbrev  0x0000000000000000       0xd9 src/main.o
 .debug_abbrev  0x00000000000000d9       0x12 startup/startup_stm32f4.o

.debug_aranges  0x0000000000000000       0x48
 .debug_aranges
                0x0000000000000000       0x20 src/main.o
 .debug_aranges
                0x0000000000000020       0x28 startup/startup_stm32f4.o

.debug_line     0x0000000000000000       0xfd
 .debug_line    0x0000000000000000       0x89 src/main.o
 .debug_line    0x0000000000000089       0x74 startup/startup_stm32f4.o

.debug_str      0x0000000000000000      0x15d
 .debug_str     0x0000000000000000      0x137 src/main.o
                                        0x17c (size before relaxing)
 .debug_str     0x0000000000000137       0x26 startup/startup_stm32f4.o
                                         0x43 (size before relaxing)

.comment        0x0000000000000000       0x33
 .comment       0x0000000000000000       0x33 src/main.o
                                         0x34 (size before relaxing)

.ARM.attributes
                0x0000000000000000       0x32
 .ARM.attributes
                0x0000000000000000       0x34 src/main.o
 .ARM.attributes
                0x0000000000000034       0x25 startup/startup_stm32f4.o

.debug_frame    0x0000000000000000       0x78
 .debug_frame   0x0000000000000000       0x78 src/main.o

.debug_ranges   0x0000000000000000       0x20
 .debug_ranges  0x0000000000000000       0x20 startup/startup_stm32f4.o
